Archive member included because of file (symbol)

c:/devkitpro/devkitarm/bin/../lib/gcc/arm-none-eabi/4.7.1/../../../../arm-none-eabi/lib/thumb\libg.a(lib_a-init.o)
                              c:/devkitpro/devkitarm/bin/../lib/gcc/arm-none-eabi/4.7.1/../../../../arm-none-eabi/lib/thumb/gba_crt0.o (__libc_init_array)
c:/devkitpro/devkitarm/bin/../lib/gcc/arm-none-eabi/4.7.1/../../../../arm-none-eabi/lib/thumb\libg.a(lib_a-memset.o)
                              vpp.o (memset)
c:/devkitpro/devkitarm/bin/../lib/gcc/arm-none-eabi/4.7.1/../../../../arm-none-eabi/lib/thumb\libsysbase.a(malloc_vars.o)
                              c:/devkitpro/devkitarm/bin/../lib/gcc/arm-none-eabi/4.7.1/../../../../arm-none-eabi/lib/thumb/gba_crt0.o (fake_heap_end)

Allocating common symbols
Common symbol       size              file

state               0x9c4             tools.o
left                0x4               tools.o
do_regen            0x4               tools.o
next                0x4               tools.o

Memory Configuration

Name             Origin             Length             Attributes
rom              0x08000000         0x02000000
iwram            0x03000000         0x00008000
ewram            0x02000000         0x00040000
*default*        0x00000000         0xffffffff

Linker script and memory map

                0x08000000                __text_start = ORIGIN (rom)
                0x02040000                __eheap_end = (ORIGIN (ewram) + 0x40000)
                0x03000000                __iwram_start = ORIGIN (iwram)
                0x03008000                __iwram_top = (ORIGIN (iwram) + 0x8000)
                0x03007fa0                __sp_irq = (__iwram_top - 0x60)
                0x03007f00                __sp_usr = (__sp_irq - 0xa0)
                0x03007ff8                __irq_flags = 0x3007ff8
                0x08000000                . = __text_start

.init           0x08000000      0x21c
 *(.init)
 .init          0x08000000      0x210 c:/devkitpro/devkitarm/bin/../lib/gcc/arm-none-eabi/4.7.1/../../../../arm-none-eabi/lib/thumb/gba_crt0.o
                0x08000000                _start
                0x080000c4                __boot_method
                0x080000c5                __slave_number
                0x080000e0                start_vector
 .init          0x08000210        0x4 c:/devkitpro/devkitarm/bin/../lib/gcc/arm-none-eabi/4.7.1/thumb/crti.o
                0x08000210                _init
 .init          0x08000214        0x8 c:/devkitpro/devkitarm/bin/../lib/gcc/arm-none-eabi/4.7.1/thumb/crtn.o
                0x0800021c                . = ALIGN (0x4)

.plt            0x0800021c        0x0
 *(.plt)
                0x0800021c                . = ALIGN (0x4)

.text           0x0800021c     0x13f4
 *(EXCLUDE_FILE(*.iwram*) .text)
 .text          0x0800021c        0x0 c:/devkitpro/devkitarm/bin/../lib/gcc/arm-none-eabi/4.7.1/../../../../arm-none-eabi/lib/thumb/gba_crt0.o
 .text          0x0800021c        0x0 c:/devkitpro/devkitarm/bin/../lib/gcc/arm-none-eabi/4.7.1/thumb/crti.o
 .text          0x0800021c       0xd0 c:/devkitpro/devkitarm/bin/../lib/gcc/arm-none-eabi/4.7.1/thumb/crtbegin.o
 .text          0x080002ec        0x0 palettes.o
 .text          0x080002ec        0x0 sprites.o
 .text          0x080002ec        0x0 text.o
 .text          0x080002ec        0x0 tilemaps.o
 .text          0x080002ec        0x0 tilesets.o
 .text          0x080002ec      0x544 tools.o
                0x080002ec                setSeed
                0x08000328                reloadMT
                0x08000468                r
                0x080004d4                loadBGpalette
                0x080004ec                loadOBJpalette
                0x08000508                loadBGsubPalette
                0x08000564                loadOBJsubPalette
                0x080005e8                loadOBJtiles
                0x08000624                loadBGtiles
                0x08000658                loadBGmap
                0x0800067c                loadAFFmap
                0x0800069c                OBJneutralTransform
                0x080006c4                resetBGmap
                0x080006dc                resetBGtilesLoad
                0x080006e8                resetOBJtilesLoad
                0x080006f4                resetOAM
                0x08000710                drawString
                0x08000744                drawChar
                0x08000758                circle_circle
                0x080007d0                power
                0x080007e8                squareRoot
 .text          0x08000830      0xce8 vpp.o
                0x08000830                titleScreen
                0x08000b34                gameScreen
                0x08000e10                railGame
                0x080014a8                spriteFlash
                0x080014bc                spriteNormal
                0x080014d8                drawDOS
 .text          0x08001518       0x54 c:/devkitpro/devkitarm/bin/../lib/gcc/arm-none-eabi/4.7.1/../../../../arm-none-eabi/lib/thumb\libg.a(lib_a-init.o)
                0x08001518                __libc_init_array
 .text          0x0800156c       0x98 c:/devkitpro/devkitarm/bin/../lib/gcc/arm-none-eabi/4.7.1/../../../../arm-none-eabi/lib/thumb\libg.a(lib_a-memset.o)
                0x0800156c                memset
 .text          0x08001604        0x0 c:/devkitpro/devkitarm/bin/../lib/gcc/arm-none-eabi/4.7.1/../../../../arm-none-eabi/lib/thumb\libsysbase.a(malloc_vars.o)
 .text          0x08001604        0x0 c:/devkitpro/devkitarm/bin/../lib/gcc/arm-none-eabi/4.7.1/thumb/crtend.o
 .text          0x08001604        0x0 c:/devkitpro/devkitarm/bin/../lib/gcc/arm-none-eabi/4.7.1/thumb/crtn.o
 *(.text .stub .text.* .gnu.linkonce.t.*)
 .text.startup  0x08001604        0xc vpp.o
                0x08001604                main
 *(.text.*personality*)
 *(.gnu.warning)
 *(.glue_7t)
 .glue_7t       0x00000000        0x0 linker stubs
 *(.glue_7)
 .glue_7        0x00000000        0x0 linker stubs
 *(.vfp11_veneer)
 .vfp11_veneer  0x00000000        0x0 linker stubs
                0x08001610                . = ALIGN (0x4)
                0x08001610                __text_end = .

.v4_bx          0x08001610        0x0
 .v4_bx         0x00000000        0x0 linker stubs

.iplt           0x08001610        0x0
 .iplt          0x00000000        0x0 c:/devkitpro/devkitarm/bin/../lib/gcc/arm-none-eabi/4.7.1/../../../../arm-none-eabi/lib/thumb/gba_crt0.o

.fini           0x08001610        0xc
 *(.fini)
 .fini          0x08001610        0x4 c:/devkitpro/devkitarm/bin/../lib/gcc/arm-none-eabi/4.7.1/thumb/crti.o
                0x08001610                _fini
 .fini          0x08001614        0x8 c:/devkitpro/devkitarm/bin/../lib/gcc/arm-none-eabi/4.7.1/thumb/crtn.o
                0x0800161c                . = ALIGN (0x4)

.rodata         0x0800161c     0xd898
 *(.rodata)
 .rodata        0x0800161c      0xa00 palettes.o
                0x0800161c                railGameOBJpalette
                0x0800181c                railGameBGpalette
                0x08001a1c                gameScreenOBJpalette
                0x08001c1c                gameScreenBGpalette
                0x08001e1c                titleScreenPalette
 .rodata        0x0800201c      0x610 sprites.o
                0x0800201c                blank4bppSprite
                0x08002054                blank8bppSprite
                0x080020ac                circleTiles
                0x080022c4                projectileTiles
                0x080022fc                gunTiles
                0x08002414                shipTiles
 .rodata        0x0800262c       0x14 text.o
                0x0800262c                pressStartPos
                0x08002634                pressStart
 .rodata        0x08002640     0x1808 tilemaps.o
                0x08002640                earthMap
                0x08003644                titleScreenMap
 .rodata        0x08003e48     0x7038 tilesets.o
                0x08003e48                earthTiles
                0x0800704c                starTiles
                0x08007850                dosFontTiles
                0x08009014                titleScreenTiles
                0x0800ae18                blank4bppTile
                0x0800ae3c                blank8bppTile
 .rodata        0x0800ae80     0x4000 tools.o
                0x0800ae80                cosine
                0x0800ce80                sine
 .rodata        0x0800ee80       0x34 vpp.o
 *all.rodata*(*)
 *(.roda)
 *(.rodata.*)
 *(.gnu.linkonce.r*)
                0x0800eeb4                . = ALIGN (0x4)

.rel.dyn        0x0800eeb4        0x0
 .rel.iplt      0x00000000        0x0 c:/devkitpro/devkitarm/bin/../lib/gcc/arm-none-eabi/4.7.1/../../../../arm-none-eabi/lib/thumb/gba_crt0.o

.ARM.extab
 *(.ARM.extab* .gnu.linkonce.armextab.*)
                0x0800eeb4                __exidx_start = .

.ARM.exidx
 *(.ARM.exidx* .gnu.linkonce.armexidx.*)
                0x0800eeb4                __exidx_end = .

.ctors          0x0800eeb4        0x0
 *crtbegin.o(.ctors)
 *(EXCLUDE_FILE(*crtend.o) .ctors)
 *(SORT(.ctors.*))
 *(.ctors)
                0x0800eeb4                . = ALIGN (0x4)

.dtors          0x0800eeb4        0x0
 *crtbegin.o(.dtors)
 *(EXCLUDE_FILE(*crtend.o) .dtors)
 *(SORT(.dtors.*))
 *(.dtors)
                0x0800eeb4                . = ALIGN (0x4)

.eh_frame       0x0800eeb4        0x4
 *(.eh_frame)
 .eh_frame      0x0800eeb4        0x0 c:/devkitpro/devkitarm/bin/../lib/gcc/arm-none-eabi/4.7.1/thumb/crtbegin.o
 .eh_frame      0x0800eeb4        0x4 c:/devkitpro/devkitarm/bin/../lib/gcc/arm-none-eabi/4.7.1/thumb/crtend.o
                0x0800eeb8                . = ALIGN (0x4)

.gcc_except_table
                0x0800eeb8        0x0
 *(.gcc_except_table)
                0x0800eeb8                . = ALIGN (0x4)
                0x0800eeb8                __iwram_lma = .

.iwram          0x03000000        0x0 load address 0x0800eeb8
                0x03000000                __iwram_start__ = ABSOLUTE (.)
 *(.iwram)
 *iwram.*(.text)
                0x03000000                . = ALIGN (0x4)
                0x03000000                __iwram_end__ = ABSOLUTE (.)
                0x0800eeb8                __data_lma = (__iwram_lma + SIZEOF (.iwram))

.bss            0x03000000      0xa08
                0x03000000                __bss_start = ABSOLUTE (.)
                0x03000000                __bss_start__ = ABSOLUTE (.)
 *(.dynbss)
 *(.gnu.linkonce.b*)
 *(.bss*)
 .bss           0x03000000        0x0 c:/devkitpro/devkitarm/bin/../lib/gcc/arm-none-eabi/4.7.1/../../../../arm-none-eabi/lib/thumb/gba_crt0.o
 .bss           0x03000000        0x0 c:/devkitpro/devkitarm/bin/../lib/gcc/arm-none-eabi/4.7.1/thumb/crti.o
 .bss           0x03000000       0x1c c:/devkitpro/devkitarm/bin/../lib/gcc/arm-none-eabi/4.7.1/thumb/crtbegin.o
 .bss           0x0300001c        0x0 palettes.o
 .bss           0x0300001c        0x0 sprites.o
 .bss           0x0300001c        0x0 text.o
 .bss           0x0300001c        0x0 tilemaps.o
 .bss           0x0300001c        0x0 tilesets.o
 .bss           0x0300001c       0x14 tools.o
                0x0300002c                keyPrevious
                0x0300002e                keyCurrent
 .bss           0x03000030        0x0 vpp.o
 .bss           0x03000030        0x0 c:/devkitpro/devkitarm/bin/../lib/gcc/arm-none-eabi/4.7.1/../../../../arm-none-eabi/lib/thumb\libg.a(lib_a-init.o)
 .bss           0x03000030        0x0 c:/devkitpro/devkitarm/bin/../lib/gcc/arm-none-eabi/4.7.1/../../../../arm-none-eabi/lib/thumb\libg.a(lib_a-memset.o)
 .bss           0x03000030        0x8 c:/devkitpro/devkitarm/bin/../lib/gcc/arm-none-eabi/4.7.1/../../../../arm-none-eabi/lib/thumb\libsysbase.a(malloc_vars.o)
                0x03000030                fake_heap_start
                0x03000034                fake_heap_end
 .bss           0x03000038        0x0 c:/devkitpro/devkitarm/bin/../lib/gcc/arm-none-eabi/4.7.1/thumb/crtend.o
 .bss           0x03000038        0x0 c:/devkitpro/devkitarm/bin/../lib/gcc/arm-none-eabi/4.7.1/thumb/crtn.o
 *(COMMON)
 COMMON         0x03000038      0x9d0 tools.o
                0x03000038                state
                0x030009fc                left
                0x03000a00                do_regen
                0x03000a04                next
                0x03000a08                . = ALIGN (0x4)
                0x03000a08                __bss_end__ = ABSOLUTE (.)

.data           0x03000a08        0x4 load address 0x0800eeb8
                0x03000a08                __data_start__ = ABSOLUTE (.)
 *(.data)
 .data          0x03000a08        0x0 c:/devkitpro/devkitarm/bin/../lib/gcc/arm-none-eabi/4.7.1/../../../../arm-none-eabi/lib/thumb/gba_crt0.o
 .data          0x03000a08        0x0 c:/devkitpro/devkitarm/bin/../lib/gcc/arm-none-eabi/4.7.1/thumb/crti.o
 .data          0x03000a08        0x4 c:/devkitpro/devkitarm/bin/../lib/gcc/arm-none-eabi/4.7.1/thumb/crtbegin.o
                0x03000a08                __dso_handle
 .data          0x03000a0c        0x0 palettes.o
 .data          0x03000a0c        0x0 sprites.o
 .data          0x03000a0c        0x0 text.o
 .data          0x03000a0c        0x0 tilemaps.o
 .data          0x03000a0c        0x0 tilesets.o
 .data          0x03000a0c        0x0 tools.o
 .data          0x03000a0c        0x0 vpp.o
 .data          0x03000a0c        0x0 c:/devkitpro/devkitarm/bin/../lib/gcc/arm-none-eabi/4.7.1/../../../../arm-none-eabi/lib/thumb\libg.a(lib_a-init.o)
 .data          0x03000a0c        0x0 c:/devkitpro/devkitarm/bin/../lib/gcc/arm-none-eabi/4.7.1/../../../../arm-none-eabi/lib/thumb\libg.a(lib_a-memset.o)
 .data          0x03000a0c        0x0 c:/devkitpro/devkitarm/bin/../lib/gcc/arm-none-eabi/4.7.1/../../../../arm-none-eabi/lib/thumb\libsysbase.a(malloc_vars.o)
 .data          0x03000a0c        0x0 c:/devkitpro/devkitarm/bin/../lib/gcc/arm-none-eabi/4.7.1/thumb/crtend.o
 .data          0x03000a0c        0x0 c:/devkitpro/devkitarm/bin/../lib/gcc/arm-none-eabi/4.7.1/thumb/crtn.o
 *(.data.*)
 *(.gnu.linkonce.d*)
                0x03000a0c                . = ALIGN (0x4)
                0x0800eebc                __preinit_lma = (__data_lma + SIZEOF (.data))

.igot.plt       0x03000a0c        0x0 load address 0x0800eebc
 .igot.plt      0x00000000        0x0 c:/devkitpro/devkitarm/bin/../lib/gcc/arm-none-eabi/4.7.1/../../../../arm-none-eabi/lib/thumb/gba_crt0.o

.tm_clone_table
                0x03000a0c        0x0 load address 0x0800eebc
 .tm_clone_table
                0x03000a0c        0x0 c:/devkitpro/devkitarm/bin/../lib/gcc/arm-none-eabi/4.7.1/thumb/crtbegin.o
 .tm_clone_table
                0x03000a0c        0x0 c:/devkitpro/devkitarm/bin/../lib/gcc/arm-none-eabi/4.7.1/thumb/crtend.o

.preinit_array  0x03000a0c        0x0 load address 0x0800eebc
                0x03000a0c                __preinit_array_start = ABSOLUTE (.)
 *(.preinit_array)
                0x03000a0c                __preinit_array_end = ABSOLUTE (.)
                0x0800eebc                __init_lma = (__preinit_lma + SIZEOF (.preinit_array))

.init_array     0x03000a0c        0x4 load address 0x0800eebc
                0x03000a0c                __init_array_start = ABSOLUTE (.)
 *(SORT(.init_array.*))
 *(.init_array)
 .init_array    0x03000a0c        0x4 c:/devkitpro/devkitarm/bin/../lib/gcc/arm-none-eabi/4.7.1/thumb/crtbegin.o
                0x03000a10                __init_array_end = ABSOLUTE (.)
                0x0800eec0                __fini_lma = (__init_lma + SIZEOF (.init_array))

.fini_array     0x03000a10        0x4 load address 0x0800eec0
                0x03000a10                __fini_array_start = ABSOLUTE (.)
 *(SORT(.fini_array.*))
 *(.fini_array)
 .fini_array    0x03000a10        0x4 c:/devkitpro/devkitarm/bin/../lib/gcc/arm-none-eabi/4.7.1/thumb/crtbegin.o
                0x03000a14                __fini_array_end = ABSOLUTE (.)
                0x0800eec4                __jcr_lma = (__fini_lma + SIZEOF (.fini_array))

.jcr            0x03000a14        0x4 load address 0x0800eec4
 *(.jcr)
 .jcr           0x03000a14        0x0 c:/devkitpro/devkitarm/bin/../lib/gcc/arm-none-eabi/4.7.1/thumb/crtbegin.o
 .jcr           0x03000a14        0x4 c:/devkitpro/devkitarm/bin/../lib/gcc/arm-none-eabi/4.7.1/thumb/crtend.o
                0x03000a18                __data_end__ = ABSOLUTE (.)
                0x0800eec8                __iwram_overlay_lma = (__jcr_lma + SIZEOF (.jcr))
                0x03000a18                __iwram_overlay_start = .

.iwram0         0x03000a18        0x0 load address 0x0800eec8
 *(.iwram0)
                0x03000a18                . = ALIGN (0x4)
                0x0800eec8                PROVIDE (__load_start_iwram0, LOADADDR (.iwram0))
                0x0800eec8                PROVIDE (__load_stop_iwram0, (LOADADDR (.iwram0) + SIZEOF (.iwram0)))

.iwram1         0x03000a18        0x0
 *(.iwram1)
                0x03000a18                . = ALIGN (0x4)
                0x03000a18                PROVIDE (__load_start_iwram1, LOADADDR (.iwram1))
                0x03000a18                PROVIDE (__load_stop_iwram1, (LOADADDR (.iwram1) + SIZEOF (.iwram1)))

.iwram2         0x03000a18        0x0
 *(.iwram2)
                0x03000a18                . = ALIGN (0x4)
                0x03000a18                PROVIDE (__load_start_iwram2, LOADADDR (.iwram2))
                0x03000a18                PROVIDE (__load_stop_iwram2, (LOADADDR (.iwram2) + SIZEOF (.iwram2)))

.iwram3         0x03000a18        0x0
 *(.iwram3)
                0x03000a18                . = ALIGN (0x4)
                0x03000a18                PROVIDE (__load_start_iwram3, LOADADDR (.iwram3))
                0x03000a18                PROVIDE (__load_stop_iwram3, (LOADADDR (.iwram3) + SIZEOF (.iwram3)))

.iwram4         0x03000a18        0x0
 *(.iwram4)
                0x03000a18                . = ALIGN (0x4)
                0x03000a18                PROVIDE (__load_start_iwram4, LOADADDR (.iwram4))
                0x03000a18                PROVIDE (__load_stop_iwram4, (LOADADDR (.iwram4) + SIZEOF (.iwram4)))

.iwram5         0x03000a18        0x0
 *(.iwram5)
                0x03000a18                . = ALIGN (0x4)
                0x03000a18                PROVIDE (__load_start_iwram5, LOADADDR (.iwram5))
                0x03000a18                PROVIDE (__load_stop_iwram5, (LOADADDR (.iwram5) + SIZEOF (.iwram5)))

.iwram6         0x03000a18        0x0
 *(.iwram6)
                0x03000a18                . = ALIGN (0x4)
                0x03000a18                PROVIDE (__load_start_iwram6, LOADADDR (.iwram6))
                0x03000a18                PROVIDE (__load_stop_iwram6, (LOADADDR (.iwram6) + SIZEOF (.iwram6)))

.iwram7         0x03000a18        0x0
 *(.iwram7)
                0x03000a18                . = ALIGN (0x4)
                0x03000a18                PROVIDE (__load_start_iwram7, LOADADDR (.iwram7))
                0x03000a18                PROVIDE (__load_stop_iwram7, (LOADADDR (.iwram7) + SIZEOF (.iwram7)))

.iwram8         0x03000a18        0x0
 *(.iwram8)
                0x03000a18                . = ALIGN (0x4)
                0x03000a18                PROVIDE (__load_start_iwram8, LOADADDR (.iwram8))
                0x03000a18                PROVIDE (__load_stop_iwram8, (LOADADDR (.iwram8) + SIZEOF (.iwram8)))

.iwram9         0x03000a18        0x0
 *(.iwram9)
                0x03000a18                . = ALIGN (0x4)
                0x03000a18                PROVIDE (__load_start_iwram9, LOADADDR (.iwram9))
                0x03000a18                PROVIDE (__load_stop_iwram9, (LOADADDR (.iwram9) + SIZEOF (.iwram9)))
                0x03000a18                __iwram_overlay_end = .
                0x0800eec8                __ewram_lma = (__iwram_overlay_lma + (__iwram_overlay_end - __iwram_overlay_start))
                0x03000a18                __iheap_start = .
                0x02000000                __ewram_start = ORIGIN (ewram)

.ewram          0x02000000        0x0 load address 0x0800eec8
 *(.ewram)
                0x02000000                . = ALIGN (0x4)
                0x02000000                __ewram_end = ABSOLUTE (.)
                0x0800eec8                __pad_lma = (__ewram_lma + SIZEOF (.ewram))

.sbss           0x02000000        0x0
                0x02000000                __sbss_start__ = ABSOLUTE (.)
 *(.sbss)
                0x02000000                . = ALIGN (0x4)
                0x02000000                __sbss_end__ = ABSOLUTE (.)
                0x02000000                __end__ = ABSOLUTE (.)
                0x02000000                __eheap_start = ABSOLUTE (.)

.pad            0x02000000        0x8 load address 0x0800eec8
                0x02000000        0x4 LONG 0x52416b64
                0x02000004        0x4 LONG 0x4d
                0x02000008                . = ALIGN (0x4)
                0x0800eed0                __rom_end__ = (__pad_lma + SIZEOF (.pad))

.stab
 *(.stab)

.stabstr
 *(.stabstr)

.stab.excl
 *(.stab.excl)

.stab.exclstr
 *(.stab.exclstr)

.stab.index
 *(.stab.index)

.stab.indexstr
 *(.stab.indexstr)

.comment        0x00000000       0x22
 *(.comment)
 .comment       0x00000000       0x22 c:/devkitpro/devkitarm/bin/../lib/gcc/arm-none-eabi/4.7.1/thumb/crtbegin.o
                                 0x23 (size before relaxing)
 .comment       0x00000000       0x23 palettes.o
 .comment       0x00000000       0x23 sprites.o
 .comment       0x00000000       0x23 text.o
 .comment       0x00000000       0x23 tilemaps.o
 .comment       0x00000000       0x23 tilesets.o
 .comment       0x00000000       0x23 tools.o
 .comment       0x00000000       0x23 vpp.o
 .comment       0x00000000       0x23 c:/devkitpro/devkitarm/bin/../lib/gcc/arm-none-eabi/4.7.1/../../../../arm-none-eabi/lib/thumb\libg.a(lib_a-init.o)
 .comment       0x00000000       0x23 c:/devkitpro/devkitarm/bin/../lib/gcc/arm-none-eabi/4.7.1/../../../../arm-none-eabi/lib/thumb\libg.a(lib_a-memset.o)
 .comment       0x00000000       0x23 c:/devkitpro/devkitarm/bin/../lib/gcc/arm-none-eabi/4.7.1/../../../../arm-none-eabi/lib/thumb\libsysbase.a(malloc_vars.o)
 .comment       0x00000000       0x23 c:/devkitpro/devkitarm/bin/../lib/gcc/arm-none-eabi/4.7.1/thumb/crtend.o

.debug
 *(.debug)

.line
 *(.line)

.debug_srcinfo
 *(.debug_srcinfo)

.debug_sfnames
 *(.debug_sfnames)

.debug_aranges  0x00000000       0xc0
 *(.debug_aranges)
 .debug_aranges
                0x00000000       0x18 palettes.o
 .debug_aranges
                0x00000018       0x18 sprites.o
 .debug_aranges
                0x00000030       0x18 text.o
 .debug_aranges
                0x00000048       0x18 tilemaps.o
 .debug_aranges
                0x00000060       0x18 tilesets.o
 .debug_aranges
                0x00000078       0x20 tools.o
 .debug_aranges
                0x00000098       0x28 vpp.o

.debug_pubnames
 *(.debug_pubnames)

.debug_info     0x00000000     0x1d0c
 *(.debug_info)
 .debug_info    0x00000000       0xfe palettes.o
 .debug_info    0x000000fe      0x145 sprites.o
 .debug_info    0x00000243       0xf0 text.o
 .debug_info    0x00000333       0xcb tilemaps.o
 .debug_info    0x000003fe      0x16c tilesets.o
 .debug_info    0x0000056a      0x848 tools.o
 .debug_info    0x00000db2      0xf5a vpp.o

.debug_abbrev   0x00000000      0x82f
 *(.debug_abbrev)
 .debug_abbrev  0x00000000       0x6c palettes.o
 .debug_abbrev  0x0000006c       0x6c sprites.o
 .debug_abbrev  0x000000d8       0x97 text.o
 .debug_abbrev  0x0000016f       0x6c tilemaps.o
 .debug_abbrev  0x000001db       0x86 tilesets.o
 .debug_abbrev  0x00000261      0x29c tools.o
 .debug_abbrev  0x000004fd      0x332 vpp.o

.debug_line     0x00000000      0x922
 *(.debug_line)
 .debug_line    0x00000000       0x6e palettes.o
 .debug_line    0x0000006e       0x6d sprites.o
 .debug_line    0x000000db       0x6a text.o
 .debug_line    0x00000145       0x6e tilemaps.o
 .debug_line    0x000001b3       0x6e tilesets.o
 .debug_line    0x00000221      0x237 tools.o
 .debug_line    0x00000458      0x4ca vpp.o

.debug_frame    0x00000000      0x30c
 *(.debug_frame)
 .debug_frame   0x00000000      0x218 tools.o
 .debug_frame   0x00000218       0xf4 vpp.o

.debug_str      0x00000000      0x633
 *(.debug_str)
 .debug_str     0x00000000       0xda palettes.o
                                 0xf3 (size before relaxing)
 .debug_str     0x000000da       0x70 sprites.o
                                 0xe0 (size before relaxing)
 .debug_str     0x0000014a       0x3d text.o
                                 0xb2 (size before relaxing)
 .debug_str     0x00000187       0x3a tilemaps.o
                                 0xaa (size before relaxing)
 .debug_str     0x000001c1       0x71 tilesets.o
                                 0xe1 (size before relaxing)
 .debug_str     0x00000232      0x1d3 tools.o
                                0x262 (size before relaxing)
 .debug_str     0x00000405      0x22e vpp.o
                                0x48b (size before relaxing)

.debug_loc      0x00000000     0x1580
 *(.debug_loc)
 .debug_loc     0x00000000      0xa97 tools.o
 .debug_loc     0x00000a97      0xae9 vpp.o

.debug_macinfo
 *(.debug_macinfo)

.debug_weaknames
 *(.debug_weaknames)

.debug_funcnames
 *(.debug_funcnames)

.debug_typenames
 *(.debug_typenames)

.debug_varnames
 *(.debug_varnames)

.stack          0x00080000        0x0
                0x00080000                _stack = .
 *(.stack)

.note.gnu.arm.ident
 *(.note.gnu.arm.ident)

.ARM.attributes
                0x00000000       0x2d
 *(.ARM.attributes)
 .ARM.attributes
                0x00000000       0x18 c:/devkitpro/devkitarm/bin/../lib/gcc/arm-none-eabi/4.7.1/../../../../arm-none-eabi/lib/thumb/gba_crt0.o
 .ARM.attributes
                0x00000018       0x18 c:/devkitpro/devkitarm/bin/../lib/gcc/arm-none-eabi/4.7.1/thumb/crti.o
 .ARM.attributes
                0x00000030       0x32 c:/devkitpro/devkitarm/bin/../lib/gcc/arm-none-eabi/4.7.1/thumb/crtbegin.o
 .ARM.attributes
                0x00000062       0x2e palettes.o
 .ARM.attributes
                0x00000090       0x2e sprites.o
 .ARM.attributes
                0x000000be       0x2e text.o
 .ARM.attributes
                0x000000ec       0x2e tilemaps.o
 .ARM.attributes
                0x0000011a       0x2e tilesets.o
 .ARM.attributes
                0x00000148       0x2e tools.o
 .ARM.attributes
                0x00000176       0x2e vpp.o
 .ARM.attributes
                0x000001a4       0x32 c:/devkitpro/devkitarm/bin/../lib/gcc/arm-none-eabi/4.7.1/../../../../arm-none-eabi/lib/thumb\libg.a(lib_a-init.o)
 .ARM.attributes
                0x000001d6       0x32 c:/devkitpro/devkitarm/bin/../lib/gcc/arm-none-eabi/4.7.1/../../../../arm-none-eabi/lib/thumb\libg.a(lib_a-memset.o)
 .ARM.attributes
                0x00000208       0x32 c:/devkitpro/devkitarm/bin/../lib/gcc/arm-none-eabi/4.7.1/../../../../arm-none-eabi/lib/thumb\libsysbase.a(malloc_vars.o)
 .ARM.attributes
                0x0000023a       0x32 c:/devkitpro/devkitarm/bin/../lib/gcc/arm-none-eabi/4.7.1/thumb/crtend.o
 .ARM.attributes
                0x0000026c       0x18 c:/devkitpro/devkitarm/bin/../lib/gcc/arm-none-eabi/4.7.1/thumb/crtn.o

/DISCARD/
 *(.note.GNU-stack)
LOAD c:/devkitpro/devkitarm/bin/../lib/gcc/arm-none-eabi/4.7.1/../../../../arm-none-eabi/lib/thumb/gba_crt0.o
LOAD c:/devkitpro/devkitarm/bin/../lib/gcc/arm-none-eabi/4.7.1/thumb/crti.o
LOAD c:/devkitpro/devkitarm/bin/../lib/gcc/arm-none-eabi/4.7.1/thumb/crtbegin.o
LOAD palettes.o
LOAD sprites.o
LOAD text.o
LOAD tilemaps.o
LOAD tilesets.o
LOAD tools.o
LOAD vpp.o
LOAD c:/devkitPro/libgba/lib\libgba.a
START GROUP
LOAD c:/devkitpro/devkitarm/bin/../lib/gcc/arm-none-eabi/4.7.1/thumb\libgcc.a
LOAD c:/devkitpro/devkitarm/bin/../lib/gcc/arm-none-eabi/4.7.1/../../../../arm-none-eabi/lib/thumb\libg.a
LOAD c:/devkitpro/devkitarm/bin/../lib/gcc/arm-none-eabi/4.7.1/../../../../arm-none-eabi/lib/thumb\libc.a
LOAD c:/devkitpro/devkitarm/bin/../lib/gcc/arm-none-eabi/4.7.1/../../../../arm-none-eabi/lib/thumb\libsysbase.a
END GROUP
LOAD c:/devkitpro/devkitarm/bin/../lib/gcc/arm-none-eabi/4.7.1/thumb/crtend.o
LOAD c:/devkitpro/devkitarm/bin/../lib/gcc/arm-none-eabi/4.7.1/thumb/crtn.o
OUTPUT(k:/programs/vpp/vpp.elf elf32-littlearm)

.debug_ranges   0x00000000      0x1e8
 .debug_ranges  0x00000000       0x30 tools.o
 .debug_ranges  0x00000030      0x1b8 vpp.o
